// Jest Snapshot v1, https://goo.gl/fbAQLP

exports[`Enzyme tests should test 1`] = `
<div>
  Component
</div>
`;
